#-----------------------------------------------------------
# Vivado v2018.3 (64-bit)
# SW Build 2405991 on Thu Dec  6 23:38:27 MST 2018
# IP Build 2404404 on Fri Dec  7 01:43:56 MST 2018
# Start of session at: Wed Jul 29 11:34:21 2020
# Process ID: 96072
# Current directory: C:/Users/Administrator/Digital_modulation
# Command line: vivado.exe -gui_launcher_event rodinguilauncherevent49604 C:\Users\Administrator\Digital_modulation\Digital_modulation.xpr
# Log file: C:/Users/Administrator/Digital_modulation/vivado.log
# Journal file: C:/Users/Administrator/Digital_modulation\vivado.jou
#-----------------------------------------------------------
start_gui
open_project C:/Users/Administrator/Digital_modulation/Digital_modulation.xpr
update_compile_order -fileset sources_1
close [ open C:/Users/Administrator/Digital_modulation/Digital_modulation.srcs/sources_1/new/key.v w ]
add_files C:/Users/Administrator/Digital_modulation/Digital_modulation.srcs/sources_1/new/key.v
update_compile_order -fileset sources_1
reset_run synth_1
launch_runs synth_1 -jobs 4
wait_on_run synth_1
launch_simulation
source DAC_test.tcl
run 50 ms
current_wave_config {Untitled 1}
add_wave {{/DAC_test/test/Driver_DAC1/m_seq}} 
current_wave_config {Untitled 1}
add_wave {{/DAC_test/test/Driver_DAC1/DDS_Addr_Generator/m_seq_trans}} 
current_wave_config {Untitled 1}
add_wave {{/DAC_test/test/Driver_DAC1/DAC_Data}} 
relaunch_sim
close_sim
launch_simulation
source DAC_test.tcl
current_wave_config {Untitled 2}
add_wave {{/DAC_test/test/Driver_DAC1/m_seq}} 
current_wave_config {Untitled 2}
add_wave {{/DAC_test/test/Driver_DAC1/DDS_Addr_Generator/m_seq_trans}} 
current_wave_config {Untitled 2}
add_wave {{/DAC_test/test/Driver_DAC1/DAC_Data}} 
run 50 ms
close_sim
launch_simulation
source DAC_test.tcl
current_wave_config {Untitled 3}
add_wave {{/DAC_test/test/Driver_DAC1/m_seq}} 
current_wave_config {Untitled 3}
add_wave {{/DAC_test/test/Driver_DAC1/DDS_Addr_Generator/m_seq_trans}} 
current_wave_config {Untitled 3}
add_wave {{/DAC_test/test/Driver_DAC1/DAC_Data}} 
run 100 ms
close_sim
launch_simulation
source DAC_test.tcl
current_wave_config {Untitled 4}
add_wave {{/DAC_test/test/Driver_DAC1/m_seq}} 
current_wave_config {Untitled 4}
add_wave {{/DAC_test/test/Driver_DAC1/DAC_Data}} 
run 30 ms
close_sim
launch_simulation
launch_simulation
source DAC_test.tcl
current_wave_config {Untitled 5}
add_wave {{/DAC_test/test/Driver_DAC1/m_seq}} 
current_wave_config {Untitled 5}
add_wave {{/DAC_test/test/Driver_DAC1/DAC_Data}} 
run 30 ms
close_sim
launch_simulation
source DAC_test.tcl
current_wave_config {Untitled 6}
add_wave {{/DAC_test/test/Driver_DAC1/m_seq}} 
current_wave_config {Untitled 6}
add_wave {{/DAC_test/test/Driver_DAC1/DAC_Data}} 
run 30 ms
close_sim
launch_simulation
source DAC_test.tcl
current_wave_config {Untitled 7}
add_wave {{/DAC_test/test/Driver_DAC1/m_seq}} 
current_wave_config {Untitled 7}
add_wave {{/DAC_test/test/Driver_DAC1/DDS_Addr_Generator/m_seq_trans}} 
current_wave_config {Untitled 7}
add_wave {{/DAC_test/test/Driver_DAC1/DAC_Data}} 
run 30 ms
close_sim
